# 挂载新增数据盘

1. ### 获取数据盘设置名称

   ```shell
   [root@iZt4n3qv52txjpxbetlsykZ docker]# fdisk -lu
   
   Disk /dev/vda: 85.9 GB, 85899345920 bytes, 167772160 sectors
   Units = sectors of 1 * 512 = 512 bytes
   Sector size (logical/physical): 512 bytes / 512 bytes
   I/O size (minimum/optimal): 512 bytes / 512 bytes
   Disk label type: dos
   Disk identifier: 0x000b2d99
   
      Device Boot      Start         End      Blocks   Id  System
   /dev/vda1   *        2048   167766794    83882373+  83  Linux
   
   Disk /dev/vdb: 107.4 GB, 107374182400 bytes, 209715200 sectors
   Units = sectors of 1 * 512 = 512 bytes
   Sector size (logical/physical): 512 bytes / 512 bytes
   I/O size (minimum/optimal): 512 bytes / 512 bytes
   Disk label type: dos
   Disk identifier: 0x721b9174
   
   ```

   运行结果如下所示，表示当前ECS实例有两块云盘，`/dev/vda`是系统盘，`/dev/vdb`是新增数据盘。

   

2. ### 为数据盘创建分区（MBR分区）

   1. ##### 运行以下命令，对数据盘进行分区。本操作以数据盘`/dev/vdb`为例。

      ```shell
      fdisk -u /dev/vdb
      ```

      其中，`/dev/vdb`是数据盘的设备名称，请您根据实际环境替换。

   2. 在fdisk交互命令行，输入p并按`Enter`键，查看数据盘的分区情况。

   3. 输入n并按`Enter`键，开始新建分区。

      表示云盘有两种分区类型：

      - `p`表示主分区。
      - `e`表示扩展分区。

   4. 以创建一个主要分区为例。输入p并按`Enter`键，开始创建一个主分区。

      `Partition number`表示主分区编号，可以选择1-4。

   5. 输入分区编号，按`Enter`键。

      本示例以创建一个主分区为例，直接按`Enter`键，表示主分区的分区编号为`1`。

   6. 输入起始扇区编号，按`Enter`键。

      `First sector`表示分区可用空间的起始扇区编号，可以选择2048-83886079，默认值为2048。本示例中，直接按`Enter`键，表示选择默认起始扇区编号`2048`。

   7. 输入最后一个扇区编号，按`Enter`键。

      `Last sector`表示分区可用空间的截止扇区编号，可以选择2048-83886079，默认值为83886079。本示例中，直接按`Enter`键，表示选择默认截止扇区编号`83886079`。

   8. 输入p并按`Enter`键，查看该数据盘的分区规划情况。

      回显信息如下图所示，表示新建分区`/dev/vdb1`的详细信息。

      ```bash
      Disk /dev/vdb: 107.4 GB, 107374182400 bytes, 209715200 sectors
      Units = sectors of 1 * 512 = 512 bytes
      Sector size (logical/physical): 512 bytes / 512 bytes
      I/O size (minimum/optimal): 512 bytes / 512 bytes
      Disk label type: dos
      Disk identifier: 0x721b9174
      
         Device Boot      Start         End      Blocks   Id  System
      /dev/vdb1            2048   209715199   104856576   83  Linux
      ```

   9. 输入w并按`Enter`键，将分区结果写入分区表中。

   10. 运行以下命令，查看新分区信息。本操作以数据盘`/dev/vdb`为例。

       ```shell
       fdisk -lu /dev/vdb
       ```

       其中，`/dev/vdb`是数据盘的设备名称，请您根据实际环境替换。

       运行结果如下图所示，如果出现`/dev/vdb1`的相关信息，表示新分区已创建完成。

       ```shell
       Disk /dev/vdb: 107.4 GB, 107374182400 bytes, 209715200 sectors
       Units = sectors of 1 * 512 = 512 bytes
       Sector size (logical/physical): 512 bytes / 512 bytes
       I/O size (minimum/optimal): 512 bytes / 512 bytes
       Disk label type: dos
       Disk identifier: 0x721b9174
       
          Device Boot      Start         End      Blocks   Id  System
       /dev/vdb1            2048   209715199   104856576   83  Linux
       ```

       

3. ### 为分区创建文件系统

   1. 运行以下命令，安装e2fsprogs工具。

      ```shell
      yum install -y e2fsprogs
      ```

   2. 运行以下命令，创建文件系统。以下示例命令介绍如何创建ext4文件系统。

      ```shell
      mkfs -t ext4 /dev/vdb1
      ```

      其中，`/dev/vdb1`是数据盘的分区名称，需要根据实际环境替换。

   

4. ### 配置开机自动挂载分区

   如果您需要设置开机自动挂载云盘，需要在/etc/fstab中写入新分区信息，启动开机自动挂载分区。

   1. 运行以下命令，备份/etc/fstab文件。

      ```shell
      cp /etc/fstab /etc/fstab.bak
      ```

   2. 在/etc/fstab里写入新分区信息。(root用户)

      ```shell
      echo `blkid /dev/vdb1 | awk '{print $2}' | sed 's/\"//g'` /mnt ext4 defaults 0 0 >> /etc/fstab
      ```

      其中：

      - `/dev/vdb1`：数据盘的分区名称，您需要根据实际环境进行替换。
      - `/mnt`：分区的挂载点，您需要根据实际环境进行替换。
      - `ext4`：分区的文件系统类型，您需要根据[步骤 2](https://help.aliyun.com/zh/ecs/user-guide/initialize-a-data-disk-whose-size-does-not-exceed-2-tib-on-a-linux-instance?spm=a2c4g.11186623.0.0.719a2befFdfzv6#c4eeb9c3ad3c8)已创建的文件系统类型修改。
      - `defaults`：文件系统的挂载参数。请您根据实际需求选择对应的挂载参数，以满足您对文件系统的数据安全性以及性能的要求。更多信息，请参见[使用mount命令挂载ext4文件系统](https://help.aliyun.com/zh/ecs/use-cases/to-mount-an-ext4-file-system-using-the-mount-command)。

   3. 运行以下命令，查看/etc/fstab中的新分区信息

      ```shell
      cat /etc/fstab
      ```

      结果如下：

      ```shell
      #
      # /etc/fstab
      # Created by anaconda on Thu Jul 11 02:52:01 2019
      #
      # Accessible filesystems, by reference, are maintained under '/dev/disk'
      # See man pages fstab(5), findfs(8), mount(8) and/or blkid(8) for more info
      #
      UUID=1114fe9e-2309-4580-b183-d778e6d97397 /                       ext4    defaults        1 1
      UUID=71b58784-f12c-41da-b620-412a99b18d66 /mnt ext4 defaults 0 0
      
      ```

      

   4. 运行以下命令，挂载/etc/fstab配置的文件系统。如果无报错输出，表示您的/etc/fstab配置无误。

      ```shell
      mount -a
      ```

   5. 运行以下命令，检查挂载结果是否符合您的预期。

      ```shell
      df -h
      ```

      如果出现新建文件系统的信息，表示文件系统挂载成功。

   6. 

5. 