在Linux系统中，查看内存使用情况有多种方法，以下是几个常见的命令和工具：

1. ### 使用`free -h`命令查看内存占用情况：

   显示当前系统的总内存、已使用内存、空闲内存以及缓冲和缓存内存的数量，加 `-h` 参数以人性化（易读）方式显示大小单位：

   ```bash
   [root@lsq ~]# free -h
                 total        used        free      shared  buff/cache   available
   Mem:            30G         21G        5.3G        1.5G        3.6G        6.9G
   Swap:            0B          0B          0B
   ```

   字段说明：

   - buff/cache：buff指的是Buffer cache；cache指的是Page cache。

   

2. ### 使用`top`命令：

   - ##### 不仅能查看CPU使用情况，还能显示内存使用率和每个进程所占内存：

     ```bash
     [root@lsq ~]# top
     top - 09:37:23 up 310 days, 16:44,  1 user,  load average: 0.09, 0.18, 0.30
     Tasks: 240 total,   1 running, 239 sleeping,   0 stopped,   0 zombie
     %Cpu(s):  0.0 us,  0.4 sy,  0.0 ni, 99.6 id,  0.0 wa,  0.0 hi,  0.0 si,  0.0 st
     KiB Mem : 31728828 total,  5356772 free, 22660304 used,  3711752 buff/cache
     KiB Swap:        0 total,        0 free,        0 used.  6959832 avail Mem 
     
       PID USER      PR  NI    VIRT    RES    SHR S  %CPU %MEM     TIME+ COMMAND       
         1 root      20   0  126380   3888   1576 S   0.0  0.0   4:13.58 systemd       
         2 root      20   0       0      0      0 S   0.0  0.0   0:00.42 kthreadd       
         3 root      20   0       0      0      0 S   0.0  0.0  38:33.92 ksoftirqd/0   
         5 root       0 -20       0      0      0 S   0.0  0.0   0:00.00 kworker/0:0H   
         7 root      rt   0       0      0      0 S   0.0  0.0   0:06.34 migration/0
     ```

   

3. ### `/proc/meminfo` 文件

   直接查看系统内存详细信息的内核虚拟文件：

   ```bash
   [root@lsq ~]# cat /proc/meminfo
   MemTotal:       31728828 kB
   MemFree:         5734656 kB
   MemAvailable:    7356576 kB
   Buffers:          107416 kB
   Cached:          3298620 kB
   SwapCached:            0 kB
   Active:         23733620 kB
   Inactive:        1343132 kB
   Active(anon):   22647856 kB
   Inactive(anon):   606296 kB
   Active(file):    1085764 kB
   Inactive(file):   736836 kB
   Unevictable:           0 kB
   Mlocked:               0 kB
   SwapTotal:             0 kB
   SwapFree:              0 kB
   Dirty:              1016 kB
   Writeback:             0 kB
   AnonPages:      21670876 kB
   Mapped:           160252 kB
   Shmem:           1583436 kB
   Slab:             337516 kB
   SReclaimable:     198092 kB
   SUnreclaim:       139424 kB
   KernelStack:       41584 kB
   PageTables:        71048 kB
   NFS_Unstable:          0 kB
   Bounce:                0 kB
   WritebackTmp:          0 kB
   CommitLimit:    15864412 kB
   Committed_AS:   33660664 kB
   VmallocTotal:   34359738367 kB
   VmallocUsed:       71932 kB
   VmallocChunk:   34359623636 kB
   HardwareCorrupted:     0 kB
   AnonHugePages:    258048 kB
   CmaTotal:              0 kB
   CmaFree:               0 kB
   HugePages_Total:       0
   HugePages_Free:        0
   HugePages_Rsvd:        0
   HugePages_Surp:        0
   Hugepagesize:       2048 kB
   DirectMap4k:      228024 kB
   DirectMap2M:    19677184 kB
   DirectMap1G:    14680064 kB
   ```

   